// Vitest Snapshot v1, https://vitest.dev/guide/snapshot.html

exports[`Character card > should create card with mock data 1`] = `
{
  "asFragment": [Function],
  "baseElement": <body>
    <div>
      <a
        href="/12345"
      >
        <figure
          class="_characterCard_ce7192"
          data-character-card="true"
        >
          <img
            alt="TestVasya photo"
            src="/src/assets/nothingFound.png"
          />
          <figcaption
            class="text-center"
          >
            TestVasya
          </figcaption>
        </figure>
      </a>
    </div>
  </body>,
  "container": <div>
    <a
      href="/12345"
    >
      <figure
        class="_characterCard_ce7192"
        data-character-card="true"
      >
        <img
          alt="TestVasya photo"
          src="/src/assets/nothingFound.png"
        />
        <figcaption
          class="text-center"
        >
          TestVasya
        </figcaption>
      </figure>
    </a>
  </div>,
  "debug": [Function],
  "findAllByAltText": [Function],
  "findAllByDisplayValue": [Function],
  "findAllByLabelText": [Function],
  "findAllByPlaceholderText": [Function],
  "findAllByRole": [Function],
  "findAllByTestId": [Function],
  "findAllByText": [Function],
  "findAllByTitle": [Function],
  "findByAltText": [Function],
  "findByDisplayValue": [Function],
  "findByLabelText": [Function],
  "findByPlaceholderText": [Function],
  "findByRole": [Function],
  "findByTestId": [Function],
  "findByText": [Function],
  "findByTitle": [Function],
  "getAllByAltText": [Function],
  "getAllByDisplayValue": [Function],
  "getAllByLabelText": [Function],
  "getAllByPlaceholderText": [Function],
  "getAllByRole": [Function],
  "getAllByTestId": [Function],
  "getAllByText": [Function],
  "getAllByTitle": [Function],
  "getByAltText": [Function],
  "getByDisplayValue": [Function],
  "getByLabelText": [Function],
  "getByPlaceholderText": [Function],
  "getByRole": [Function],
  "getByTestId": [Function],
  "getByText": [Function],
  "getByTitle": [Function],
  "queryAllByAltText": [Function],
  "queryAllByDisplayValue": [Function],
  "queryAllByLabelText": [Function],
  "queryAllByPlaceholderText": [Function],
  "queryAllByRole": [Function],
  "queryAllByTestId": [Function],
  "queryAllByText": [Function],
  "queryAllByTitle": [Function],
  "queryByAltText": [Function],
  "queryByDisplayValue": [Function],
  "queryByLabelText": [Function],
  "queryByPlaceholderText": [Function],
  "queryByRole": [Function],
  "queryByTestId": [Function],
  "queryByText": [Function],
  "queryByTitle": [Function],
  "rerender": [Function],
  "unmount": [Function],
}
`;
