// Vitest Snapshot v1, https://vitest.dev/guide/snapshot.html

exports[`Characters list > shold render 1 card 1`] = `
{
  "asFragment": [Function],
  "baseElement": <body>
    <div>
      <div
        class="max-h-full overflow-y-scroll flex-grow basis-1/2"
      >
        <div
          class="flex gap-4 flex-wrap items-center justify-center p-4"
        >
          <a
            href="/0"
          >
            <figure
              class="_characterCard_ce7192"
              data-character-card="true"
            >
              <img
                alt="TestChar photo"
                src=""
              />
              <figcaption
                class="text-center"
                data-testid="character-name"
              >
                TestChar
              </figcaption>
            </figure>
          </a>
        </div>
      </div>
    </div>
  </body>,
  "container": <div>
    <div
      class="max-h-full overflow-y-scroll flex-grow basis-1/2"
    >
      <div
        class="flex gap-4 flex-wrap items-center justify-center p-4"
      >
        <a
          href="/0"
        >
          <figure
            class="_characterCard_ce7192"
            data-character-card="true"
          >
            <img
              alt="TestChar photo"
              src=""
            />
            <figcaption
              class="text-center"
              data-testid="character-name"
            >
              TestChar
            </figcaption>
          </figure>
        </a>
      </div>
    </div>
  </div>,
  "debug": [Function],
  "findAllByAltText": [Function],
  "findAllByDisplayValue": [Function],
  "findAllByLabelText": [Function],
  "findAllByPlaceholderText": [Function],
  "findAllByRole": [Function],
  "findAllByTestId": [Function],
  "findAllByText": [Function],
  "findAllByTitle": [Function],
  "findByAltText": [Function],
  "findByDisplayValue": [Function],
  "findByLabelText": [Function],
  "findByPlaceholderText": [Function],
  "findByRole": [Function],
  "findByTestId": [Function],
  "findByText": [Function],
  "findByTitle": [Function],
  "getAllByAltText": [Function],
  "getAllByDisplayValue": [Function],
  "getAllByLabelText": [Function],
  "getAllByPlaceholderText": [Function],
  "getAllByRole": [Function],
  "getAllByTestId": [Function],
  "getAllByText": [Function],
  "getAllByTitle": [Function],
  "getByAltText": [Function],
  "getByDisplayValue": [Function],
  "getByLabelText": [Function],
  "getByPlaceholderText": [Function],
  "getByRole": [Function],
  "getByTestId": [Function],
  "getByText": [Function],
  "getByTitle": [Function],
  "queryAllByAltText": [Function],
  "queryAllByDisplayValue": [Function],
  "queryAllByLabelText": [Function],
  "queryAllByPlaceholderText": [Function],
  "queryAllByRole": [Function],
  "queryAllByTestId": [Function],
  "queryAllByText": [Function],
  "queryAllByTitle": [Function],
  "queryByAltText": [Function],
  "queryByDisplayValue": [Function],
  "queryByLabelText": [Function],
  "queryByPlaceholderText": [Function],
  "queryByRole": [Function],
  "queryByTestId": [Function],
  "queryByText": [Function],
  "queryByTitle": [Function],
  "rerender": [Function],
  "unmount": [Function],
}
`;
